[1/2] Building CXX object CMakeFiles/main.dir/Unity/unity_2_cxx.cxx.obj
Using built-in specs.
COLLECT_GCC=C:\ProgramData\mingw64\mingw64\bin\c++.exe
Target: x86_64-w64-mingw32
Configured with: ../../../src/gcc-13.2.0/configure --host=x86_64-w64-mingw32 --build=x86_64-w64-mingw32 --target=x86_64-w64-mingw32 --prefix=/mingw64 --with-sysroot=/c/buildroot/x86_64-1320-posix-seh-ucrt-rt_v11-rev0/mingw64 --enable-host-shared --disable-multilib --enable-languages=c,c++,fortran,lto --enable-libstdcxx-time=yes --enable-threads=posix --enable-libgomp --enable-libatomic --enable-lto --enable-graphite --enable-checking=release --enable-fully-dynamic-string --enable-version-specific-runtime-libs --enable-libstdcxx-filesystem-ts=yes --disable-libssp --disable-libstdcxx-pch --disable-libstdcxx-debug --enable-bootstrap --disable-rpath --disable-win32-registry --disable-nls --disable-werror --disable-symvers --with-gnu-as --with-gnu-ld --with-arch=nocona --with-tune=core2 --with-libiconv --with-system-zlib --with-gmp=/c/buildroot/prerequisites/x86_64-w64-mingw32-static --with-mpfr=/c/buildroot/prerequisites/x86_64-w64-mingw32-static --with-mpc=/c/buildroot/prerequisites/x86_64-w64-mingw32-static --with-isl=/c/buildroot/prerequisites/x86_64-w64-mingw32-static --with-pkgversion='x86_64-posix-seh-rev0, Built by MinGW-Builds project' --with-bugurl=https://github.com/niXman/mingw-builds CFLAGS='-O2 -pipe -fno-ident -I/c/buildroot/x86_64-1320-posix-seh-ucrt-rt_v11-rev0/mingw64/opt/include -I/c/buildroot/prerequisites/x86_64-zlib-static/include -I/c/buildroot/prerequisites/x86_64-w64-mingw32-static/include' CXXFLAGS='-O2 -pipe -fno-ident -I/c/buildroot/x86_64-1320-posix-seh-ucrt-rt_v11-rev0/mingw64/opt/include -I/c/buildroot/prerequisites/x86_64-zlib-static/include -I/c/buildroot/prerequisites/x86_64-w64-mingw32-static/include' CPPFLAGS=' -I/c/buildroot/x86_64-1320-posix-seh-ucrt-rt_v11-rev0/mingw64/opt/include -I/c/buildroot/prerequisites/x86_64-zlib-static/include -I/c/buildroot/prerequisites/x86_64-w64-mingw32-static/include' LDFLAGS='-pipe -fno-ident -L/c/buildroot/x86_64-1320-posix-seh-ucrt-rt_v11-rev0/mingw64/opt/lib -L/c/buildroot/prerequisites/x86_64-zlib-static/lib -L/c/buildroot/prerequisites/x86_64-w64-mingw32-static/lib ' LD_FOR_TARGET=/c/buildroot/x86_64-1320-posix-seh-ucrt-rt_v11-rev0/mingw64/bin/ld.exe --with-boot-ldflags=' -Wl,--disable-dynamicbase -static-libstdc++ -static-libgcc'
Thread model: posix
Supported LTO compression algorithms: zlib
gcc version 13.2.0 (x86_64-posix-seh-rev0, Built by MinGW-Builds project) 
COLLECT_GCC_OPTIONS='-I' 'C:/Users/Alfarizy/Documents/Programming Volume 2/C++/dungeon-rpg/include' '-I' 'C:/Users/Alfarizy/Documents/Programming Volume 2/C++/dungeon-rpg/lib/tileson' '-I' 'C:/Users/Alfarizy/Documents/Programming Volume 2/C++/dungeon-rpg/lib/raylib/include' '-O3' '-D' 'NDEBUG' '-std=c++17' '-Wall' '-Wextra' '-Wno-missing-field-initializers' '-fno-inline-functions' '-fuse-ld=lld' '-O1' '-v' '-MD' '-MT' 'CMakeFiles/main.dir/Unity/unity_2_cxx.cxx.obj' '-MF' 'CMakeFiles\main.dir\Unity\unity_2_cxx.cxx.obj.d' '-c' '-o' 'CMakeFiles/main.dir/Unity/unity_2_cxx.cxx.obj' '-shared-libgcc' '-mtune=core2' '-march=nocona' '-dumpdir' 'CMakeFiles/main.dir/Unity/'
 C:/ProgramData/mingw64/mingw64/bin/../libexec/gcc/x86_64-w64-mingw32/13.2.0/cc1plus.exe -quiet -v -I C:/Users/Alfarizy/Documents/Programming Volume 2/C++/dungeon-rpg/include -I C:/Users/Alfarizy/Documents/Programming Volume 2/C++/dungeon-rpg/lib/tileson -I C:/Users/Alfarizy/Documents/Programming Volume 2/C++/dungeon-rpg/lib/raylib/include -iprefix C:/ProgramData/mingw64/mingw64/bin/../lib/gcc/x86_64-w64-mingw32/13.2.0/ -MD CMakeFiles/main.dir/Unity/unity_2_cxx.cxx.d -MF CMakeFiles\main.dir\Unity\unity_2_cxx.cxx.obj.d -MT CMakeFiles/main.dir/Unity/unity_2_cxx.cxx.obj -D_REENTRANT -D NDEBUG C:/Users/Alfarizy/Documents/Programming Volume 2/C++/dungeon-rpg/build/CMakeFiles/main.dir/Unity/unity_2_cxx.cxx -quiet -dumpdir CMakeFiles/main.dir/Unity/ -dumpbase unity_2_cxx.cxx.cxx -dumpbase-ext .cxx -mtune=core2 -march=nocona -O3 -O1 -Wall -Wextra -Wno-missing-field-initializers -std=c++17 -version -fno-inline-functions -fuse-ld=lld -o C:\Users\Alfarizy\AppData\Local\Temp\ccMd1rNN.s
GNU C++17 (x86_64-posix-seh-rev0, Built by MinGW-Builds project) version 13.2.0 (x86_64-w64-mingw32)
	compiled by GNU C version 13.2.0, GMP version 6.2.1, MPFR version 4.1.0, MPC version 1.2.1, isl version isl-0.25-GMP

GGC heuristics: --param ggc-min-expand=100 --param ggc-min-heapsize=131072
ignoring duplicate directory "C:/ProgramData/mingw64/mingw64/lib/gcc/../../lib/gcc/x86_64-w64-mingw32/13.2.0/include/c++"
ignoring duplicate directory "C:/ProgramData/mingw64/mingw64/lib/gcc/../../lib/gcc/x86_64-w64-mingw32/13.2.0/include/c++/x86_64-w64-mingw32"
ignoring duplicate directory "C:/ProgramData/mingw64/mingw64/lib/gcc/../../lib/gcc/x86_64-w64-mingw32/13.2.0/include/c++/backward"
ignoring duplicate directory "C:/ProgramData/mingw64/mingw64/lib/gcc/../../lib/gcc/x86_64-w64-mingw32/13.2.0/include"
ignoring nonexistent directory "C:/buildroot/x86_64-1320-posix-seh-ucrt-rt_v11-rev0/mingw64D:/a/_temp/msys64/mingw64/lib/gcc/x86_64-w64-mingw32/13.2.0/../../../../include"
ignoring duplicate directory "C:/ProgramData/mingw64/mingw64/lib/gcc/../../lib/gcc/x86_64-w64-mingw32/13.2.0/include-fixed"
ignoring duplicate directory "C:/ProgramData/mingw64/mingw64/lib/gcc/../../lib/gcc/x86_64-w64-mingw32/13.2.0/../../../../x86_64-w64-mingw32/include"
ignoring nonexistent directory "C:/buildroot/x86_64-1320-posix-seh-ucrt-rt_v11-rev0/mingw64/mingw/include"
#include "..." search starts here:
#include <...> search starts here:
 C:/Users/Alfarizy/Documents/Programming Volume 2/C++/dungeon-rpg/include
 C:/Users/Alfarizy/Documents/Programming Volume 2/C++/dungeon-rpg/lib/tileson
 C:/Users/Alfarizy/Documents/Programming Volume 2/C++/dungeon-rpg/lib/raylib/include
 C:/ProgramData/mingw64/mingw64/bin/../lib/gcc/x86_64-w64-mingw32/13.2.0/include/c++
 C:/ProgramData/mingw64/mingw64/bin/../lib/gcc/x86_64-w64-mingw32/13.2.0/include/c++/x86_64-w64-mingw32
 C:/ProgramData/mingw64/mingw64/bin/../lib/gcc/x86_64-w64-mingw32/13.2.0/include/c++/backward
 C:/ProgramData/mingw64/mingw64/bin/../lib/gcc/x86_64-w64-mingw32/13.2.0/include
 C:/ProgramData/mingw64/mingw64/bin/../lib/gcc/x86_64-w64-mingw32/13.2.0/include-fixed
 C:/ProgramData/mingw64/mingw64/bin/../lib/gcc/x86_64-w64-mingw32/13.2.0/../../../../x86_64-w64-mingw32/include
End of search list.
Compiler executable checksum: 2abdf1c9420d23288466c2caa0e8db4b
COLLECT_GCC_OPTIONS='-I' 'C:/Users/Alfarizy/Documents/Programming Volume 2/C++/dungeon-rpg/include' '-I' 'C:/Users/Alfarizy/Documents/Programming Volume 2/C++/dungeon-rpg/lib/tileson' '-I' 'C:/Users/Alfarizy/Documents/Programming Volume 2/C++/dungeon-rpg/lib/raylib/include' '-O3' '-D' 'NDEBUG' '-std=c++17' '-Wall' '-Wextra' '-Wno-missing-field-initializers' '-fno-inline-functions' '-fuse-ld=lld' '-O1' '-v' '-MD' '-MT' 'CMakeFiles/main.dir/Unity/unity_2_cxx.cxx.obj' '-MF' 'CMakeFiles\main.dir\Unity\unity_2_cxx.cxx.obj.d' '-c' '-o' 'CMakeFiles/main.dir/Unity/unity_2_cxx.cxx.obj' '-shared-libgcc' '-mtune=core2' '-march=nocona' '-dumpdir' 'CMakeFiles/main.dir/Unity/'
 C:/ProgramData/mingw64/mingw64/bin/../lib/gcc/x86_64-w64-mingw32/13.2.0/../../../../x86_64-w64-mingw32/bin/as.exe -v -I C:/Users/Alfarizy/Documents/Programming Volume 2/C++/dungeon-rpg/include -I C:/Users/Alfarizy/Documents/Programming Volume 2/C++/dungeon-rpg/lib/tileson -I C:/Users/Alfarizy/Documents/Programming Volume 2/C++/dungeon-rpg/lib/raylib/include -o CMakeFiles/main.dir/Unity/unity_2_cxx.cxx.obj C:\Users\Alfarizy\AppData\Local\Temp\ccMd1rNN.s
GNU assembler version 2.39 (x86_64-w64-mingw32) using BFD version (GNU Binutils) 2.39
COMPILER_PATH=C:/ProgramData/mingw64/mingw64/bin/../libexec/gcc/x86_64-w64-mingw32/13.2.0/;C:/ProgramData/mingw64/mingw64/bin/../libexec/gcc/;C:/ProgramData/mingw64/mingw64/bin/../lib/gcc/x86_64-w64-mingw32/13.2.0/../../../../x86_64-w64-mingw32/bin/
LIBRARY_PATH=C:/ProgramData/mingw64/mingw64/bin/../lib/gcc/x86_64-w64-mingw32/13.2.0/;C:/ProgramData/mingw64/mingw64/bin/../lib/gcc/;C:/ProgramData/mingw64/mingw64/bin/../lib/gcc/x86_64-w64-mingw32/13.2.0/../../../../x86_64-w64-mingw32/lib/../lib/;C:/ProgramData/mingw64/mingw64/bin/../lib/gcc/x86_64-w64-mingw32/13.2.0/../../../../lib/;C:/ProgramData/mingw64/mingw64/bin/../lib/gcc/x86_64-w64-mingw32/13.2.0/../../../../x86_64-w64-mingw32/lib/;C:/ProgramData/mingw64/mingw64/bin/../lib/gcc/x86_64-w64-mingw32/13.2.0/../../../
COLLECT_GCC_OPTIONS='-I' 'C:/Users/Alfarizy/Documents/Programming Volume 2/C++/dungeon-rpg/include' '-I' 'C:/Users/Alfarizy/Documents/Programming Volume 2/C++/dungeon-rpg/lib/tileson' '-I' 'C:/Users/Alfarizy/Documents/Programming Volume 2/C++/dungeon-rpg/lib/raylib/include' '-O3' '-D' 'NDEBUG' '-std=c++17' '-Wall' '-Wextra' '-Wno-missing-field-initializers' '-fno-inline-functions' '-fuse-ld=lld' '-O1' '-v' '-MD' '-MT' 'CMakeFiles/main.dir/Unity/unity_2_cxx.cxx.obj' '-MF' 'CMakeFiles\main.dir\Unity\unity_2_cxx.cxx.obj.d' '-c' '-o' 'CMakeFiles/main.dir/Unity/unity_2_cxx.cxx.obj' '-shared-libgcc' '-mtune=core2' '-march=nocona' '-dumpdir' 'CMakeFiles/main.dir/Unity/unity_2_cxx.cxx.'
[2/2] Linking CXX executable bin\main.exe; Copying raylib.dll to output directory
